
> my-app@0.1.0 build
> prisma generate && next build

Environment variables loaded from .env
Prisma schema loaded from prisma\schema.prisma

Γ£ö Generated Prisma Client (v5.22.0) to .\node_modules\.pnpm\@prisma+client@5.22.0_prisma@5.22.0\node_modules\@prisma\client in 196ms

Start by importing your Prisma Client (See: https://pris.ly/d/importing-client)

Tip: Want to turn off tips and other hints? https://pris.ly/tip-4-nohints

Γû▓ Next.js 16.2.4 (Turbopack)
- Environments: .env.local, .env

  Creating an optimized production build ...
node.exe : 
At line:1 char:1
+ & "C:\Program Files\nodejs/node.exe" "C:\Users\Goli Gangster\AppData\ ...
+ ~~~~~~~~~~~~~~~~~~~~~~~~~~~~~~~~~~~~~~~~~~~~~~~~~~~~~~~~~~~~~~~~~~~~~
    + CategoryInfo          : NotSpecified: (:String) [], RemoteException
    + FullyQualifiedErrorId : NativeCommandError
 
> Build error occurred
Error: Turbopack build failed with 4 errors:
./app/portfolio/[id]/page.jsx:8:1
Module not found: Can't resolve '../../component/footer/Footer'
  [90m 6 |[0m [36mimport[0m { [33mArrowLeft[0m, [33mCalendar[0m, [33mUser[0m, [33mTag[0m, 
[33mCheckCircle2[0m, [33mQuote[0m, [33mLoader2[0m } [36mfrom[0m [32m"lucide-react"[0m;
  [90m 7 |[0m [36mimport[0m [33mScrollReveal[0m [36mfrom[0m [32m"../../component/ScrollReveal"[0m;
[31m[1m>[0m [90m 8 |[0m [36mimport[0m [33mFooter[0m [36mfrom[0m [32m"../../component/footer/Footer"[0m;
  [90m   |[0m [31m[1m^^^^^^^^^^^^^^^^^^^^^^^^^^^^^^^^^^^^^^^^^^^^^^^^^^^[0m
  [90m 9 |[0m [36mimport[0m [32m"./portfolio.css"[0m;
  [90m10 |[0m
  [90m11 |[0m [36mexport[0m [36mdefault[0m [36mfunction[0m [33mPortfolioDetailPage[0m() {



Import traces:
  Client Component Browser:
    ./app/portfolio/[id]/page.jsx [Client Component Browser]
    ./app/portfolio/[id]/page.jsx [Server Component]

  Client Component SSR:
    ./app/portfolio/[id]/page.jsx [Client Component SSR]
    ./app/portfolio/[id]/page.jsx [Server Component]

https://nextjs.org/docs/messages/module-not-found


./app/resources/Newsletter/page.jsx:5:1
Module not found: Can't resolve '../../component/footer/Footer'
  [90m3 |[0m [36mimport[0m [33mLink[0m [36mfrom[0m [32m"next/link"[0m;
  [90m4 |[0m [36mimport[0m [33mScrollReveal[0m [36mfrom[0m [32m"../../component/ScrollReveal"[0m;
[31m[1m>[0m [90m5 |[0m [36mimport[0m [33mFooter[0m [36mfrom[0m [32m"../../component/footer/Footer"[0m;
  [90m  |[0m [31m[1m^^^^^^^^^^^^^^^^^^^^^^^^^^^^^^^^^^^^^^^^^^^^^^^^^^^[0m
  [90m6 |[0m [36mimport[0m { [33mLoader2[0m, [33mMail[0m } [36mfrom[0m [32m"lucide-react"[0m;
  [90m7 |[0m
  [90m8 |[0m [36mexport[0m [36mdefault[0m [36mfunction[0m [33mNewsletterPage[0m() {



Import traces:
  Client Component Browser:
    ./app/resources/Newsletter/page.jsx [Client Component Browser]
    ./app/resources/Newsletter/page.jsx [Server Component]

  Client Component SSR:
    ./app/resources/Newsletter/page.jsx [Client Component SSR]
    ./app/resources/Newsletter/page.jsx [Server Component]

https://nextjs.org/docs/messages/module-not-found


./app/portfolio/page.jsx:7:1
Module not found: Can't resolve '../component/footer/Footer'
  [90m 5 |[0m [36mimport[0m { [33mArrowRight[0m, [33mLoader2[0m, [33mSearch[0m } [36mfrom[0m 
[32m"lucide-react"[0m;
  [90m 6 |[0m [36mimport[0m [33mScrollReveal[0m [36mfrom[0m [32m"../component/ScrollReveal"[0m;
[31m[1m>[0m [90m 7 |[0m [36mimport[0m [33mFooter[0m [36mfrom[0m [32m"../component/footer/Footer"[0m;
  [90m   |[0m [31m[1m^^^^^^^^^^^^^^^^^^^^^^^^^^^^^^^^^^^^^^^^^^^^^^^^[0m
  [90m 8 |[0m [36mimport[0m [32m"./portfolio.css"[0m;
  [90m 9 |[0m
  [90m10 |[0m [36mexport[0m [36mdefault[0m [36mfunction[0m [33mPortfolioPage[0m() {



Import traces:
  Client Component Browser:
    ./app/portfolio/page.jsx [Client Component Browser]
    ./app/portfolio/page.jsx [Server Component]

  Client Component SSR:
    ./app/portfolio/page.jsx [Client Component SSR]
    ./app/portfolio/page.jsx [Server Component]

https://nextjs.org/docs/messages/module-not-found


./app/portfolio/[id]/page.jsx:9:1
Module not found: Can't resolve './portfolio.css'
  [90m 7 |[0m [36mimport[0m [33mScrollReveal[0m [36mfrom[0m [32m"../../component/ScrollReveal"[0m;
  [90m 8 |[0m [36mimport[0m [33mFooter[0m [36mfrom[0m [32m"../../component/footer/Footer"[0m;
[31m[1m>[0m [90m 9 |[0m [36mimport[0m [32m"./portfolio.css"[0m;
  [90m   |[0m [31m[1m^^^^^^^^^^^^^^^^^^^^^^^^^[0m
  [90m10 |[0m
  [90m11 |[0m [36mexport[0m [36mdefault[0m [36mfunction[0m [33mPortfolioDetailPage[0m() {
  [90m12 |[0m   [36mconst[0m params = useParams();



Import traces:
  Client Component Browser:
    ./app/portfolio/[id]/page.jsx [Client Component Browser]
    ./app/portfolio/[id]/page.jsx [Server Component]

  Client Component SSR:
    ./app/portfolio/[id]/page.jsx [Client Component SSR]
    ./app/portfolio/[id]/page.jsx [Server Component]

https://nextjs.org/docs/messages/module-not-found


    at <unknown> (./app/portfolio/[id]/page.jsx:8:1)
    at <unknown> (https://nextjs.org/docs/messages/module-not-found)
    at <unknown> (./app/resources/Newsletter/page.jsx:5:1)
    at <unknown> (https://nextjs.org/docs/messages/module-not-found)
    at <unknown> (./app/portfolio/page.jsx:7:1)
    at <unknown> (https://nextjs.org/docs/messages/module-not-found)
    at <unknown> (./app/portfolio/[id]/page.jsx:9:1)
    at <unknown> (https://nextjs.org/docs/messages/module-not-found)
